// Jest Snapshot v1, https://goo.gl/fbAQLP

exports[`PlayerDetails renders 1`] = `
<DocumentFragment>
  <div
    class="p-2 py-3"
  >
    <span
      class="statHeader"
    >
      Career Hitting
    </span>
    <br />
    <table
      class="table table-sm"
    >
      <thead
        class="hittingHeader"
      >
        <tr>
          <th
            class="hittingStatNames"
          >
            avg
          </th>
          <th
            class="hittingStatNames"
          >
            ab
          </th>
          <th
            class="hittingStatNames"
          >
            h
          </th>
          <th
            class="hittingStatNames"
          >
            r
          </th>
          <th
            class="hittingStatNames"
          >
            hr
          </th>
          <th
            class="hittingStatNames"
          >
            rbi
          </th>
          <th
            class="hittingStatNames"
          >
            slg
          </th>
          <th
            class="hittingStatNames"
          >
            bb
          </th>
          <th
            class="hittingStatNames"
          >
            sb
          </th>
          <th
            class="hittingStatNames"
          >
            d
          </th>
          <th
            class="hittingStatNames"
          >
            t
          </th>
          <th
            class="hittingStatNames"
          >
            tb
          </th>
        </tr>
      </thead>
      <tbody>
        <tr
          class="tableRowFigs"
        >
          <td
            class="figures"
          >
            .273
          </td>
          <td
            class="figures"
          >
            3191
          </td>
          <td
            class="figures"
          >
            870
          </td>
          <td
            class="figures"
          >
            475
          </td>
          <td
            class="figures"
          >
            165
          </td>
          <td
            class="figures"
          >
            528
          </td>
          <td
            class="figures"
          >
            .497
          </td>
          <td
            class="figures"
          >
            240
          </td>
          <td
            class="figures"
          >
            43
          </td>
          <td
            class="figures"
          >
            173
          </td>
          <td
            class="figures"
          >
            24
          </td>
          <td
            class="figures"
          >
            1586
          </td>
        </tr>
      </tbody>
    </table>
    <span
      class="statHeader"
    >
      Season Hitting
    </span>
    <br />
    <table
      class="table table-sm"
    >
      <thead
        class="hittingHeader"
      >
        <tr>
          <th
            class="hittingStatNames"
          >
            avg
          </th>
          <th
            class="hittingStatNames"
          >
            ab
          </th>
          <th
            class="hittingStatNames"
          >
            h
          </th>
          <th
            class="hittingStatNames"
          >
            r
          </th>
          <th
            class="hittingStatNames"
          >
            hr
          </th>
          <th
            class="hittingStatNames"
          >
            rbi
          </th>
          <th
            class="hittingStatNames"
          >
            slg
          </th>
          <th
            class="hittingStatNames"
          >
            bb
          </th>
          <th
            class="hittingStatNames"
          >
            sb
          </th>
          <th
            class="hittingStatNames"
          >
            d
          </th>
          <th
            class="hittingStatNames"
          >
            t
          </th>
          <th
            class="hittingStatNames"
          >
            tb
          </th>
        </tr>
      </thead>
      <tbody>
        <tr
          class="tableRowFigs"
        >
          <td
            class="figures"
          />
          <td
            class="figures"
          />
          <td
            class="figures"
          />
          <td
            class="figures"
          />
          <td
            class="figures"
          />
          <td
            class="figures"
          />
          <td
            class="figures"
          />
          <td
            class="figures"
          />
          <td
            class="figures"
          />
          <td
            class="figures"
          />
          <td
            class="figures"
          />
          <td
            class="figures"
          />
        </tr>
      </tbody>
    </table>
    <span
      class="statHeader"
    >
      Career Pitching
    </span>
    <br />
    <table
      class="table table-sm"
    >
      <thead
        class="pitchingHeader"
      >
        <tr>
          <th
            class="pitchingStatNames"
          >
            era
          </th>
          <th
            class="pitchingStatNames"
          >
            np
          </th>
          <th
            class="pitchingStatNames"
          >
            avg
          </th>
          <th
            class="pitchingStatNames"
          >
            r
          </th>
          <th
            class="pitchingStatNames"
          >
            so
          </th>
          <th
            class="pitchingStatNames"
          >
            h
          </th>
          <th
            class="pitchingStatNames"
          >
            hr9
          </th>
          <th
            class="pitchingStatNames"
          >
            ip
          </th>
          <th
            class="pitchingStatNames"
          >
            w
          </th>
          <th
            class="pitchingStatNames"
          >
            gs
          </th>
          <th
            class="pitchingStatNames"
          >
            sv
          </th>
        </tr>
      </thead>
      <tbody>
        <tr
          class="tableRowFigs"
        >
          <td
            class="figures"
          />
          <td
            class="figures"
          />
          <td
            class="figures"
          />
          <td
            class="figures"
          />
          <td
            class="figures"
          />
          <td
            class="figures"
          />
          <td
            class="figures"
          />
          <td
            class="figures"
          />
          <td
            class="figures"
          />
          <td
            class="figures"
          />
          <td
            class="figures"
          />
        </tr>
      </tbody>
    </table>
    <span
      class="statHeader"
    >
      Season Pitching
    </span>
    <br />
    <table
      class="table table-sm"
    >
      <thead
        class="pitchingHeader"
      >
        <tr>
          <th
            class="pitchingStatNames"
          >
            era
          </th>
          <th
            class="pitchingStatNames"
          >
            np
          </th>
          <th
            class="pitchingStatNames"
          >
            avg
          </th>
          <th
            class="pitchingStatNames"
          >
            r
          </th>
          <th
            class="pitchingStatNames"
          >
            so
          </th>
          <th
            class="pitchingStatNames"
          >
            h
          </th>
          <th
            class="pitchingStatNames"
          >
            hr9
          </th>
          <th
            class="pitchingStatNames"
          >
            ip
          </th>
          <th
            class="pitchingStatNames"
          >
            w
          </th>
          <th
            class="pitchingStatNames"
          >
            gs
          </th>
          <th
            class="pitchingStatNames"
          >
            sv
          </th>
        </tr>
      </thead>
      <tbody>
        <tr
          class="tableRowFigs"
        >
          <td
            class="figures"
          />
          <td
            class="figures"
          />
          <td
            class="figures"
          />
          <td
            class="figures"
          />
          <td
            class="figures"
          />
          <td
            class="figures"
          />
          <td
            class="figures"
          />
          <td
            class="figures"
          />
          <td
            class="figures"
          />
          <td
            class="figures"
          />
          <td
            class="figures"
          />
        </tr>
      </tbody>
    </table>
  </div>
</DocumentFragment>
`;
