// Jest Snapshot v1, https://goo.gl/fbAQLP

exports[`Teams component renders 1`] = `
<DocumentFragment>
  <span
    style="cursor: pointer;"
  >
    <img
      alt="team gif"
      style="width: 60px;"
    />
  </span>
  <span
    style="cursor: pointer;"
  >
    <img
      alt="team gif"
      style="width: 60px;"
    />
  </span>
  <span
    style="cursor: pointer;"
  >
    <img
      alt="team gif"
      style="width: 60px;"
    />
  </span>
  <span
    style="cursor: pointer;"
  >
    <img
      alt="team gif"
      style="width: 60px;"
    />
  </span>
  <span
    style="cursor: pointer;"
  >
    <img
      alt="team gif"
      style="width: 60px;"
    />
  </span>
  <span
    style="cursor: pointer;"
  >
    <img
      alt="team gif"
      style="width: 60px;"
    />
  </span>
  <span
    style="cursor: pointer;"
  >
    <img
      alt="team gif"
      style="width: 60px;"
    />
  </span>
  <span
    style="cursor: pointer;"
  >
    <img
      alt="team gif"
      style="width: 60px;"
    />
  </span>
  <span
    style="cursor: pointer;"
  >
    <img
      alt="team gif"
      style="width: 60px;"
    />
  </span>
  <span
    style="cursor: pointer;"
  >
    <img
      alt="team gif"
      style="width: 60px;"
    />
  </span>
  <span
    style="cursor: pointer;"
  >
    <img
      alt="team gif"
      style="width: 60px;"
    />
  </span>
  <span
    style="cursor: pointer;"
  >
    <img
      alt="team gif"
      style="width: 60px;"
    />
  </span>
  <span
    style="cursor: pointer;"
  >
    <img
      alt="team gif"
      style="width: 60px;"
    />
  </span>
  <span
    style="cursor: pointer;"
  >
    <img
      alt="team gif"
      style="width: 60px;"
    />
  </span>
  <span
    style="cursor: pointer;"
  >
    <img
      alt="team gif"
      style="width: 60px;"
    />
  </span>
</DocumentFragment>
`;
